18:06:50 **** Incremental Build of configuration Debug for project MicroBlazei0 ****
make all 
Building file: ../src/MicroBlazei0.c
Invoking: MicroBlaze gcc compiler
mb-gcc -Wall -O0 -g3 -c -fmessage-length=0 -MT"src/MicroBlazei0.o" -I../../MicroBlazei0_bsp/microblaze_i0/include -mlittle-endian -mxl-pattern-compare -mno-xl-soft-div -mcpu=v10.0 -mno-xl-soft-mul -mhard-float -Wl,--no-relax -ffunction-sections -fdata-sections -MMD -MP -MF"src/MicroBlazei0.d" -MT"src/MicroBlazei0.o" -o "src/MicroBlazei0.o" "../src/MicroBlazei0.c"
Finished building: ../src/MicroBlazei0.c
 
Building target: MicroBlazei0.elf
Invoking: MicroBlaze gcc linker
mb-gcc -Wl,-T -Wl,../src/lscript.ld -L../../MicroBlazei0_bsp/microblaze_i0/lib -mlittle-endian -mxl-pattern-compare -mno-xl-soft-div -mcpu=v10.0 -mno-xl-soft-mul -mhard-float -Wl,--no-relax -Wl,--gc-sections -o "MicroBlazei0.elf"  ./src/MicroBlazei0.o   -Wl,--start-group,-lxil,-lgcc,-lc,--end-group
Finished building target: MicroBlazei0.elf
 
Invoking: MicroBlaze Print Size
mb-size MicroBlazei0.elf  |tee "MicroBlazei0.elf.size"
   text	   data	    bss	    dec	    hex	filename
  11764	    432	   3212	  15408	   3c30	MicroBlazei0.elf
Finished building: MicroBlazei0.elf.size
 

18:06:50 Build Finished (took 110ms)

