16:08:13 **** Auto Build of configuration Debug for project microblaze-0 ****
make all 
Building file: ../src/MicroBlazei0.c
Invoking: MicroBlaze gcc compiler
mb-gcc -Wall -O0 -g3 -c -fmessage-length=0 -MT"src/MicroBlazei0.o" -I../../microblaze-0_bsp/microblaze_i0/include -mlittle-endian -mxl-pattern-compare -mno-xl-soft-div -mcpu=v10.0 -mno-xl-soft-mul -mhard-float -Wl,--no-relax -ffunction-sections -fdata-sections -MMD -MP -MF"src/MicroBlazei0.d" -MT"src/MicroBlazei0.o" -o "src/MicroBlazei0.o" "../src/MicroBlazei0.c"
../src/MicroBlazei0.c: In function 'main':
../src/MicroBlazei0.c:26:26: warning: unused variable 'Locked' [-Wunused-variable]
  u32 xmutex_status,Owner,Locked;
                          ^~~~~~
../src/MicroBlazei0.c:26:20: warning: unused variable 'Owner' [-Wunused-variable]
  u32 xmutex_status,Owner,Locked;
                    ^~~~~
Finished building: ../src/MicroBlazei0.c
 
Building target: microblaze-0.elf
Invoking: MicroBlaze gcc linker
mb-gcc -Wl,-T -Wl,../src/lscript.ld -L../../microblaze-0_bsp/microblaze_i0/lib -mlittle-endian -mxl-pattern-compare -mno-xl-soft-div -mcpu=v10.0 -mno-xl-soft-mul -mhard-float -Wl,--no-relax -Wl,--gc-sections -o "microblaze-0.elf"  ./src/MicroBlazei0.o   -Wl,--start-group,-lxil,-lgcc,-lc,--end-group
Finished building target: microblaze-0.elf
 
Invoking: MicroBlaze Print Size
mb-size microblaze-0.elf  |tee "microblaze-0.elf.size"
   text	   data	    bss	    dec	    hex	filename
   7876	    412	   3168	  11456	   2cc0	microblaze-0.elf
Finished building: microblaze-0.elf.size
 

16:08:13 Build Finished (took 114ms)

